Archive member included to satisfy reference by file (symbol)

/home/cory/Documents/GitHub/Micro-OS/toolchain/i686-elf/lib/gcc/i686-elf/11.2.0/libgcc.a(_udivdi3.o)
                              /home/cory/Documents/GitHub/Micro-OS/build/kernel/c/stdio.obj (__udivdi3)
/home/cory/Documents/GitHub/Micro-OS/toolchain/i686-elf/lib/gcc/i686-elf/11.2.0/libgcc.a(_umoddi3.o)
                              /home/cory/Documents/GitHub/Micro-OS/build/kernel/c/stdio.obj (__umoddi3)

Memory Configuration

Name             Origin             Length             Attributes
*default*        0x0000000000000000 0xffffffffffffffff

Linker script and memory map

LOAD /home/cory/Documents/GitHub/Micro-OS/build/kernel/asm/arch/i686/io.obj
LOAD /home/cory/Documents/GitHub/Micro-OS/build/kernel/asm/arch/i686/idt.obj
LOAD /home/cory/Documents/GitHub/Micro-OS/build/kernel/asm/arch/i686/gdt.obj
LOAD /home/cory/Documents/GitHub/Micro-OS/build/kernel/c/stdio.obj
LOAD /home/cory/Documents/GitHub/Micro-OS/build/kernel/c/memory.obj
LOAD /home/cory/Documents/GitHub/Micro-OS/build/kernel/c/main.obj
LOAD /home/cory/Documents/GitHub/Micro-OS/build/kernel/c/hal/hal.obj
LOAD /home/cory/Documents/GitHub/Micro-OS/build/kernel/c/arch/i686/idt.obj
LOAD /home/cory/Documents/GitHub/Micro-OS/build/kernel/c/arch/i686/gdt.obj
LOAD /home/cory/Documents/GitHub/Micro-OS/toolchain/i686-elf/lib/gcc/i686-elf/11.2.0/libgcc.a
                0x0000000000100000                phys = 0x100000
                0x0000000000100000                . = phys

.entry          0x0000000000100000       0x79
                0x0000000000100000                __entry_start = .
 *(.entry)
 .entry         0x0000000000100000       0x79 /home/cory/Documents/GitHub/Micro-OS/build/kernel/c/main.obj
                0x0000000000100000                start

.text           0x0000000000100080      0xd50
                0x0000000000100080                __text_start = .
 *(.text)
 .text          0x0000000000100080       0x14 /home/cory/Documents/GitHub/Micro-OS/build/kernel/asm/arch/i686/io.obj
                0x0000000000100080                i686_outb
                0x000000000010008b                i686_inb
 *fill*         0x0000000000100094        0xc 
 .text          0x00000000001000a0        0xd /home/cory/Documents/GitHub/Micro-OS/build/kernel/asm/arch/i686/idt.obj
                0x00000000001000a0                i686_IDT_Load
 *fill*         0x00000000001000ad        0x3 
 .text          0x00000000001000b0       0x25 /home/cory/Documents/GitHub/Micro-OS/build/kernel/asm/arch/i686/gdt.obj
                0x00000000001000b0                i686_GDT_Load
 .text          0x00000000001000d5      0x895 /home/cory/Documents/GitHub/Micro-OS/build/kernel/c/stdio.obj
                0x00000000001000d5                putchr
                0x0000000000100104                putcolor
                0x0000000000100136                getchr
                0x0000000000100158                getcolor
                0x000000000010017d                setcursor
                0x00000000001001ee                clrscr
                0x000000000010027c                scrollback
                0x000000000010036a                putc
                0x0000000000100477                puts
                0x00000000001004a6                printf_unsigned
                0x000000000010055f                printf_signed
                0x00000000001005bc                printf
                0x00000000001008d1                print_buffer
 .text          0x000000000010096a       0xf5 /home/cory/Documents/GitHub/Micro-OS/build/kernel/c/memory.obj
                0x000000000010096a                memcpy
                0x00000000001009bc                memset
                0x00000000001009ff                memcmp
 .text          0x0000000000100a5f        0x0 /home/cory/Documents/GitHub/Micro-OS/build/kernel/c/main.obj
 .text          0x0000000000100a5f       0x13 /home/cory/Documents/GitHub/Micro-OS/build/kernel/c/hal/hal.obj
                0x0000000000100a5f                HAL_Initialize
 .text          0x0000000000100a72       0xbc /home/cory/Documents/GitHub/Micro-OS/build/kernel/c/arch/i686/idt.obj
                0x0000000000100a72                i686_IDT_SetGate
                0x0000000000100ad5                i686_IDT_EnableGate
                0x0000000000100af5                i686_IDT_DisableGate
                0x0000000000100b15                i686_IDT_Initialize
 .text          0x0000000000100b2e       0x1d /home/cory/Documents/GitHub/Micro-OS/build/kernel/c/arch/i686/gdt.obj
                0x0000000000100b2e                i686_GDT_Initialize
 *fill*         0x0000000000100b4b        0x5 
 .text          0x0000000000100b50      0x12a /home/cory/Documents/GitHub/Micro-OS/toolchain/i686-elf/lib/gcc/i686-elf/11.2.0/libgcc.a(_udivdi3.o)
                0x0000000000100b50                __udivdi3
 *fill*         0x0000000000100c7a        0x6 
 .text          0x0000000000100c80      0x150 /home/cory/Documents/GitHub/Micro-OS/toolchain/i686-elf/lib/gcc/i686-elf/11.2.0/libgcc.a(_umoddi3.o)
                0x0000000000100c80                __umoddi3

.data           0x0000000000100dd0       0x2a
                0x0000000000100dd0                __data_start = .
 *(.data)
 .data          0x0000000000100dd0        0x4 /home/cory/Documents/GitHub/Micro-OS/build/kernel/c/stdio.obj
                0x0000000000100dd0                g_ScreenBuffer
 .data          0x0000000000100dd4        0x0 /home/cory/Documents/GitHub/Micro-OS/build/kernel/c/memory.obj
 .data          0x0000000000100dd4        0x0 /home/cory/Documents/GitHub/Micro-OS/build/kernel/c/main.obj
 .data          0x0000000000100dd4        0x0 /home/cory/Documents/GitHub/Micro-OS/build/kernel/c/hal/hal.obj
 .data          0x0000000000100dd4        0x6 /home/cory/Documents/GitHub/Micro-OS/build/kernel/c/arch/i686/idt.obj
                0x0000000000100dd4                g_IDTDescriptor
 *fill*         0x0000000000100dda        0x2 
 .data          0x0000000000100ddc       0x1e /home/cory/Documents/GitHub/Micro-OS/build/kernel/c/arch/i686/gdt.obj
                0x0000000000100ddc                g_GDT
                0x0000000000100df4                g_GDTDescriptor
 .data          0x0000000000100dfa        0x0 /home/cory/Documents/GitHub/Micro-OS/toolchain/i686-elf/lib/gcc/i686-elf/11.2.0/libgcc.a(_udivdi3.o)
 .data          0x0000000000100dfa        0x0 /home/cory/Documents/GitHub/Micro-OS/toolchain/i686-elf/lib/gcc/i686-elf/11.2.0/libgcc.a(_umoddi3.o)

.rodata         0x0000000000100dfc       0xfe
                0x0000000000100dfc                __rodata_start = .
 *(.rodata)
 .rodata        0x0000000000100dfc       0xba /home/cory/Documents/GitHub/Micro-OS/build/kernel/c/stdio.obj
                0x0000000000100dfc                SCREEN_WIDTH
                0x0000000000100e00                SCREEN_HEIGHT
                0x0000000000100e04                DEFAULT_COLOR
                0x0000000000100e08                g_HexChars
 *fill*         0x0000000000100eb6        0x2 
 .rodata        0x0000000000100eb8       0x42 /home/cory/Documents/GitHub/Micro-OS/build/kernel/c/main.obj

.eh_frame       0x0000000000100efc       0xd8
 .eh_frame      0x0000000000100efc       0x64 /home/cory/Documents/GitHub/Micro-OS/toolchain/i686-elf/lib/gcc/i686-elf/11.2.0/libgcc.a(_udivdi3.o)
 .eh_frame      0x0000000000100f60       0x74 /home/cory/Documents/GitHub/Micro-OS/toolchain/i686-elf/lib/gcc/i686-elf/11.2.0/libgcc.a(_umoddi3.o)

.bss            0x0000000000100fe0      0x820
                0x0000000000100fe0                __bss_start = .
 *(.bss)
 .bss           0x0000000000100fe0        0x8 /home/cory/Documents/GitHub/Micro-OS/build/kernel/c/stdio.obj
                0x0000000000100fe0                g_ScreenX
                0x0000000000100fe4                g_ScreenY
 .bss           0x0000000000100fe8        0x0 /home/cory/Documents/GitHub/Micro-OS/build/kernel/c/memory.obj
 .bss           0x0000000000100fe8        0x0 /home/cory/Documents/GitHub/Micro-OS/build/kernel/c/main.obj
 .bss           0x0000000000100fe8        0x0 /home/cory/Documents/GitHub/Micro-OS/build/kernel/c/hal/hal.obj
 *fill*         0x0000000000100fe8       0x18 
 .bss           0x0000000000101000      0x800 /home/cory/Documents/GitHub/Micro-OS/build/kernel/c/arch/i686/idt.obj
                0x0000000000101000                g_IDT
 .bss           0x0000000000101800        0x0 /home/cory/Documents/GitHub/Micro-OS/build/kernel/c/arch/i686/gdt.obj
 .bss           0x0000000000101800        0x0 /home/cory/Documents/GitHub/Micro-OS/toolchain/i686-elf/lib/gcc/i686-elf/11.2.0/libgcc.a(_udivdi3.o)
 .bss           0x0000000000101800        0x0 /home/cory/Documents/GitHub/Micro-OS/toolchain/i686-elf/lib/gcc/i686-elf/11.2.0/libgcc.a(_umoddi3.o)
                0x0000000000101800                __end = .
OUTPUT(/home/cory/Documents/GitHub/Micro-OS/build/kernel.bin binary)

.debug_info     0x0000000000000000     0x13ab
 .debug_info    0x0000000000000000      0x54d /home/cory/Documents/GitHub/Micro-OS/build/kernel/c/stdio.obj
 .debug_info    0x000000000000054d      0x1e8 /home/cory/Documents/GitHub/Micro-OS/build/kernel/c/memory.obj
 .debug_info    0x0000000000000735      0x126 /home/cory/Documents/GitHub/Micro-OS/build/kernel/c/main.obj
 .debug_info    0x000000000000085b       0x99 /home/cory/Documents/GitHub/Micro-OS/build/kernel/c/hal/hal.obj
 .debug_info    0x00000000000008f4      0x24e /home/cory/Documents/GitHub/Micro-OS/build/kernel/c/arch/i686/idt.obj
 .debug_info    0x0000000000000b42      0x1fa /home/cory/Documents/GitHub/Micro-OS/build/kernel/c/arch/i686/gdt.obj
 .debug_info    0x0000000000000d3c      0x32c /home/cory/Documents/GitHub/Micro-OS/toolchain/i686-elf/lib/gcc/i686-elf/11.2.0/libgcc.a(_udivdi3.o)
 .debug_info    0x0000000000001068      0x343 /home/cory/Documents/GitHub/Micro-OS/toolchain/i686-elf/lib/gcc/i686-elf/11.2.0/libgcc.a(_umoddi3.o)

.debug_abbrev   0x0000000000000000      0x8fb
 .debug_abbrev  0x0000000000000000      0x1f6 /home/cory/Documents/GitHub/Micro-OS/build/kernel/c/stdio.obj
 .debug_abbrev  0x00000000000001f6       0xe2 /home/cory/Documents/GitHub/Micro-OS/build/kernel/c/memory.obj
 .debug_abbrev  0x00000000000002d8       0xeb /home/cory/Documents/GitHub/Micro-OS/build/kernel/c/main.obj
 .debug_abbrev  0x00000000000003c3       0x5a /home/cory/Documents/GitHub/Micro-OS/build/kernel/c/hal/hal.obj
 .debug_abbrev  0x000000000000041d      0x122 /home/cory/Documents/GitHub/Micro-OS/build/kernel/c/arch/i686/idt.obj
 .debug_abbrev  0x000000000000053f       0xf0 /home/cory/Documents/GitHub/Micro-OS/build/kernel/c/arch/i686/gdt.obj
 .debug_abbrev  0x000000000000062f      0x15b /home/cory/Documents/GitHub/Micro-OS/toolchain/i686-elf/lib/gcc/i686-elf/11.2.0/libgcc.a(_udivdi3.o)
 .debug_abbrev  0x000000000000078a      0x171 /home/cory/Documents/GitHub/Micro-OS/toolchain/i686-elf/lib/gcc/i686-elf/11.2.0/libgcc.a(_umoddi3.o)

.debug_aranges  0x0000000000000000      0x100
 .debug_aranges
                0x0000000000000000       0x20 /home/cory/Documents/GitHub/Micro-OS/build/kernel/c/stdio.obj
 .debug_aranges
                0x0000000000000020       0x20 /home/cory/Documents/GitHub/Micro-OS/build/kernel/c/memory.obj
 .debug_aranges
                0x0000000000000040       0x20 /home/cory/Documents/GitHub/Micro-OS/build/kernel/c/main.obj
 .debug_aranges
                0x0000000000000060       0x20 /home/cory/Documents/GitHub/Micro-OS/build/kernel/c/hal/hal.obj
 .debug_aranges
                0x0000000000000080       0x20 /home/cory/Documents/GitHub/Micro-OS/build/kernel/c/arch/i686/idt.obj
 .debug_aranges
                0x00000000000000a0       0x20 /home/cory/Documents/GitHub/Micro-OS/build/kernel/c/arch/i686/gdt.obj
 .debug_aranges
                0x00000000000000c0       0x20 /home/cory/Documents/GitHub/Micro-OS/toolchain/i686-elf/lib/gcc/i686-elf/11.2.0/libgcc.a(_udivdi3.o)
 .debug_aranges
                0x00000000000000e0       0x20 /home/cory/Documents/GitHub/Micro-OS/toolchain/i686-elf/lib/gcc/i686-elf/11.2.0/libgcc.a(_umoddi3.o)

.debug_line     0x0000000000000000      0x9b3
 .debug_line    0x0000000000000000      0x3c5 /home/cory/Documents/GitHub/Micro-OS/build/kernel/c/stdio.obj
 .debug_line    0x00000000000003c5       0xe8 /home/cory/Documents/GitHub/Micro-OS/build/kernel/c/memory.obj
 .debug_line    0x00000000000004ad       0x75 /home/cory/Documents/GitHub/Micro-OS/build/kernel/c/main.obj
 .debug_line    0x0000000000000522       0x5e /home/cory/Documents/GitHub/Micro-OS/build/kernel/c/hal/hal.obj
 .debug_line    0x0000000000000580       0x89 /home/cory/Documents/GitHub/Micro-OS/build/kernel/c/arch/i686/idt.obj
 .debug_line    0x0000000000000609       0x5c /home/cory/Documents/GitHub/Micro-OS/build/kernel/c/arch/i686/gdt.obj
 .debug_line    0x0000000000000665      0x179 /home/cory/Documents/GitHub/Micro-OS/toolchain/i686-elf/lib/gcc/i686-elf/11.2.0/libgcc.a(_udivdi3.o)
 .debug_line    0x00000000000007de      0x1d5 /home/cory/Documents/GitHub/Micro-OS/toolchain/i686-elf/lib/gcc/i686-elf/11.2.0/libgcc.a(_umoddi3.o)

.debug_str      0x0000000000000000      0xef6
 .debug_str     0x0000000000000000      0x24f /home/cory/Documents/GitHub/Micro-OS/build/kernel/c/stdio.obj
 .debug_str     0x000000000000024f      0x125 /home/cory/Documents/GitHub/Micro-OS/build/kernel/c/memory.obj
 .debug_str     0x0000000000000374      0x12b /home/cory/Documents/GitHub/Micro-OS/build/kernel/c/main.obj
 .debug_str     0x000000000000049f      0x106 /home/cory/Documents/GitHub/Micro-OS/build/kernel/c/hal/hal.obj
 .debug_str     0x00000000000005a5      0x291 /home/cory/Documents/GitHub/Micro-OS/build/kernel/c/arch/i686/idt.obj
 .debug_str     0x0000000000000836      0x2fa /home/cory/Documents/GitHub/Micro-OS/build/kernel/c/arch/i686/gdt.obj
 .debug_str     0x0000000000000b30      0x1e3 /home/cory/Documents/GitHub/Micro-OS/toolchain/i686-elf/lib/gcc/i686-elf/11.2.0/libgcc.a(_udivdi3.o)
 .debug_str     0x0000000000000d13      0x1e3 /home/cory/Documents/GitHub/Micro-OS/toolchain/i686-elf/lib/gcc/i686-elf/11.2.0/libgcc.a(_umoddi3.o)

.debug_line_str
                0x0000000000000000      0x786
 .debug_line_str
                0x0000000000000000       0xf7 /home/cory/Documents/GitHub/Micro-OS/build/kernel/c/stdio.obj
 .debug_line_str
                0x00000000000000f7       0xe0 /home/cory/Documents/GitHub/Micro-OS/build/kernel/c/memory.obj
 .debug_line_str
                0x00000000000001d7       0xf7 /home/cory/Documents/GitHub/Micro-OS/build/kernel/c/main.obj
 .debug_line_str
                0x00000000000002ce       0x96 /home/cory/Documents/GitHub/Micro-OS/build/kernel/c/hal/hal.obj
 .debug_line_str
                0x0000000000000364       0xfb /home/cory/Documents/GitHub/Micro-OS/build/kernel/c/arch/i686/idt.obj
 .debug_line_str
                0x000000000000045f       0xf5 /home/cory/Documents/GitHub/Micro-OS/build/kernel/c/arch/i686/gdt.obj
 .debug_line_str
                0x0000000000000554      0x119 /home/cory/Documents/GitHub/Micro-OS/toolchain/i686-elf/lib/gcc/i686-elf/11.2.0/libgcc.a(_udivdi3.o)
 .debug_line_str
                0x000000000000066d      0x119 /home/cory/Documents/GitHub/Micro-OS/toolchain/i686-elf/lib/gcc/i686-elf/11.2.0/libgcc.a(_umoddi3.o)

.comment        0x0000000000000000       0x98
 .comment       0x0000000000000000       0x13 /home/cory/Documents/GitHub/Micro-OS/build/kernel/c/stdio.obj
 .comment       0x0000000000000013       0x13 /home/cory/Documents/GitHub/Micro-OS/build/kernel/c/memory.obj
 .comment       0x0000000000000026       0x13 /home/cory/Documents/GitHub/Micro-OS/build/kernel/c/main.obj
 .comment       0x0000000000000039       0x13 /home/cory/Documents/GitHub/Micro-OS/build/kernel/c/hal/hal.obj
 .comment       0x000000000000004c       0x13 /home/cory/Documents/GitHub/Micro-OS/build/kernel/c/arch/i686/idt.obj
 .comment       0x000000000000005f       0x13 /home/cory/Documents/GitHub/Micro-OS/build/kernel/c/arch/i686/gdt.obj
 .comment       0x0000000000000072       0x13 /home/cory/Documents/GitHub/Micro-OS/toolchain/i686-elf/lib/gcc/i686-elf/11.2.0/libgcc.a(_udivdi3.o)
 .comment       0x0000000000000085       0x13 /home/cory/Documents/GitHub/Micro-OS/toolchain/i686-elf/lib/gcc/i686-elf/11.2.0/libgcc.a(_umoddi3.o)

.debug_frame    0x0000000000000000      0x35c
 .debug_frame   0x0000000000000000      0x1c0 /home/cory/Documents/GitHub/Micro-OS/build/kernel/c/stdio.obj
 .debug_frame   0x00000000000001c0       0x74 /home/cory/Documents/GitHub/Micro-OS/build/kernel/c/memory.obj
 .debug_frame   0x0000000000000234       0x2c /home/cory/Documents/GitHub/Micro-OS/build/kernel/c/main.obj
 .debug_frame   0x0000000000000260       0x34 /home/cory/Documents/GitHub/Micro-OS/build/kernel/c/hal/hal.obj
 .debug_frame   0x0000000000000294       0x94 /home/cory/Documents/GitHub/Micro-OS/build/kernel/c/arch/i686/idt.obj
 .debug_frame   0x0000000000000328       0x34 /home/cory/Documents/GitHub/Micro-OS/build/kernel/c/arch/i686/gdt.obj

.debug_rnglists
                0x0000000000000000       0x5d
 .debug_rnglists
                0x0000000000000000       0x13 /home/cory/Documents/GitHub/Micro-OS/build/kernel/c/main.obj
 .debug_rnglists
                0x0000000000000013       0x2a /home/cory/Documents/GitHub/Micro-OS/toolchain/i686-elf/lib/gcc/i686-elf/11.2.0/libgcc.a(_udivdi3.o)
 .debug_rnglists
                0x000000000000003d       0x20 /home/cory/Documents/GitHub/Micro-OS/toolchain/i686-elf/lib/gcc/i686-elf/11.2.0/libgcc.a(_umoddi3.o)

.debug_loclists
                0x0000000000000000      0x9a0
 .debug_loclists
                0x0000000000000000      0x50b /home/cory/Documents/GitHub/Micro-OS/toolchain/i686-elf/lib/gcc/i686-elf/11.2.0/libgcc.a(_udivdi3.o)
 .debug_loclists
                0x000000000000050b      0x495 /home/cory/Documents/GitHub/Micro-OS/toolchain/i686-elf/lib/gcc/i686-elf/11.2.0/libgcc.a(_umoddi3.o)
